--- Copying files at Thu Sep 19 23:53:17 UTC 2024
--- Copied files finished at Thu Sep 19 23:53:17 UTC 2024
--- Copying files at Fri Sep 20 04:04:28 UTC 2024
--- Copied files finished at Fri Sep 20 04:04:28 UTC 2024
--- Copying files at Fri Sep 20 04:14:01 UTC 2024
--- Copied files finished at Fri Sep 20 04:14:01 UTC 2024
--- Copying files at Fri Sep 20 04:19:37 UTC 2024
--- Copied files finished at Fri Sep 20 04:19:37 UTC 2024
--- Copying files at Sun Sep 29 13:17:52 UTC 2024
--- Copied files finished at Sun Sep 29 13:17:52 UTC 2024
--- Copying files at Mon Oct 14 00:17:36 UTC 2024
--- Copied files finished at Mon Oct 14 00:17:36 UTC 2024
--- Copying files at Sun Oct 20 20:45:58 UTC 2024
--- Copied files finished at Sun Oct 20 20:45:58 UTC 2024
--- Copying files at Sun Oct 20 22:14:39 UTC 2024
--- Copied files finished at Sun Oct 20 22:14:39 UTC 2024
--- Copying files at Sun Oct 20 23:27:37 UTC 2024
--- Copied files finished at Sun Oct 20 23:27:37 UTC 2024
--- Copying files at Sun Oct 20 23:52:35 UTC 2024
--- Copied files finished at Sun Oct 20 23:52:35 UTC 2024
--- Copying files at Wed Oct 23 18:18:32 UTC 2024
--- Copied files finished at Wed Oct 23 18:18:32 UTC 2024
--- Copying files at Thu Oct 24 19:50:25 UTC 2024
--- Copied files finished at Thu Oct 24 19:50:25 UTC 2024
--- Copying files at Sun Oct 27 14:33:01 UTC 2024
--- Copied files finished at Sun Oct 27 14:33:01 UTC 2024
--- Copying files at Mon Oct 28 04:12:58 UTC 2024
--- Copied files finished at Mon Oct 28 04:12:58 UTC 2024
